// Jest Snapshot v1, https://goo.gl/fbAQLP

exports[`Card component renders the UI as expected 1`] = `
<div
  className="card"
>
  <button
    type="button"
  >
    delete
  </button>
  <h3>
    New Card
  </h3>
  <p>
    Lorem ipsum
  </p>
</div>
`;
